MPLINK 4.49, Linker
Linker Map File - Created Tue Feb 18 17:32:37 2025

                                 Section Info
                  Section       Type    Address   Location Size(Bytes)
                ---------  ---------  ---------  ---------  ---------
                   .org_0       code   0x000000    program   0x0001f2
                   .cinit    romdata   0x0000f9    program   0x000004
    .config_2007_P12LCD.O       code   0x002007    program   0x000002



                              Program Memory Usage 
                               Start         End      
                           ---------   ---------      
                            0x000000    0x0000fa      
                            0x002007    0x002007      
            252 out of 1094 program addresses used, program memory utilization is 23%



                              Symbols - Sorted by Name
                     Name    Address   Location    Storage File                     
                ---------  ---------  ---------  --------- ---------                
                   INICIO   0x000000    program     static C:\Lenguajes de Interfaz\P12LCD\P12LCD.asm
      LCD_2Lineas4Bits5x7   0x00006c    program     static C:\Lenguajes de Interfaz\P12LCD\LCD_4BIT.INC
                LCD_Borra   0x00006a    program     static C:\Lenguajes de Interfaz\P12LCD\LCD_4BIT.INC
                 LCD_Byte   0x00009c    program     static C:\Lenguajes de Interfaz\P12LCD\LCD_4BIT.INC
         LCD_ByteCompleto   0x0000a3    program     static C:\Lenguajes de Interfaz\P12LCD\LCD_4BIT.INC
             LCD_Caracter   0x00006f    program     static C:\Lenguajes de Interfaz\P12LCD\LCD_4BIT.INC
          LCD_CodigoCGROM   0x000079    program     static C:\Lenguajes de Interfaz\P12LCD\LCD_4BIT.INC
           LCD_CursorIncr   0x00005a    program     static C:\Lenguajes de Interfaz\P12LCD\LCD_4BIT.INC
            LCD_CursorOFF   0x000068    program     static C:\Lenguajes de Interfaz\P12LCD\LCD_4BIT.INC
             LCD_CursorON   0x000066    program     static C:\Lenguajes de Interfaz\P12LCD\LCD_4BIT.INC
   LCD_DosEspaciosBlancos   0x000093    program     static C:\Lenguajes de Interfaz\P12LCD\LCD_4BIT.INC
        LCD_EnheMayuscula   0x000080    program     static C:\Lenguajes de Interfaz\P12LCD\LCD_4BIT.INC
        LCD_EnheMinuscula   0x00007a    program     static C:\Lenguajes de Interfaz\P12LCD\LCD_4BIT.INC
                LCD_Envia   0x000071    program     static C:\Lenguajes de Interfaz\P12LCD\LCD_4BIT.INC
         LCD_EnviaBlancos   0x000096    program     static C:\Lenguajes de Interfaz\P12LCD\LCD_4BIT.INC
       LCD_EnviaByteLetra   0x0000af    program     static C:\Lenguajes de Interfaz\P12LCD\LCD_4BIT.INC
         LCD_EnviaComando   0x00006d    program     static C:\Lenguajes de Interfaz\P12LCD\LCD_4BIT.INC
      LCD_EnviaOtroBlanco   0x000097    program     static C:\Lenguajes de Interfaz\P12LCD\LCD_4BIT.INC
           LCD_EscribeLCD   0x000046    program     static C:\Lenguajes de Interfaz\P12LCD\LCD_4BIT.INC
             LCD_FinCGROM   0x00008d    program     static C:\Lenguajes de Interfaz\P12LCD\LCD_4BIT.INC
   LCD_FinVisualizaDigito   0x0000b1    program     static C:\Lenguajes de Interfaz\P12LCD\LCD_4BIT.INC
                LCD_Grado   0x000087    program     static C:\Lenguajes de Interfaz\P12LCD\LCD_4BIT.INC
           LCD_Inicializa   0x00002e    program     static C:\Lenguajes de Interfaz\P12LCD\LCD_4BIT.INC
               LCD_Linea1   0x00005c    program     static C:\Lenguajes de Interfaz\P12LCD\LCD_4BIT.INC
               LCD_Linea2   0x00005e    program     static C:\Lenguajes de Interfaz\P12LCD\LCD_4BIT.INC
        LCD_LineaEnBlanco   0x00008f    program     static C:\Lenguajes de Interfaz\P12LCD\LCD_4BIT.INC
               LCD_Nibble   0x0000a7    program     static C:\Lenguajes de Interfaz\P12LCD\LCD_4BIT.INC
                  LCD_OFF   0x000064    program     static C:\Lenguajes de Interfaz\P12LCD\LCD_4BIT.INC
       LCD_PosicionLinea1   0x000060    program     static C:\Lenguajes de Interfaz\P12LCD\LCD_4BIT.INC
       LCD_PosicionLinea2   0x000062    program     static C:\Lenguajes de Interfaz\P12LCD\LCD_4BIT.INC
  LCD_TresEspaciosBlancos   0x000095    program     static C:\Lenguajes de Interfaz\P12LCD\LCD_4BIT.INC
      LCD_UnEspacioBlanco   0x000091    program     static C:\Lenguajes de Interfaz\P12LCD\LCD_4BIT.INC
        LCD_VisualizaAlto   0x0000a4    program     static C:\Lenguajes de Interfaz\P12LCD\LCD_4BIT.INC
        LCD_VisualizaBajo   0x0000a6    program     static C:\Lenguajes de Interfaz\P12LCD\LCD_4BIT.INC
         MOSTRAR_INTERFAZ   0x000018    program     static C:\Lenguajes de Interfaz\P12LCD\P12LCD.asm
           MOSTRAR_LETRAS   0x00000c    program     static C:\Lenguajes de Interfaz\P12LCD\P12LCD.asm
    R1Decima_BucleExterno   0x0000ef    program     static C:\Lenguajes de Interfaz\P12LCD\RETARDOS.INC
   R1Decima_BucleExterno2   0x0000ed    program     static C:\Lenguajes de Interfaz\P12LCD\RETARDOS.INC
    R1Decima_BucleInterno   0x0000f1    program     static C:\Lenguajes de Interfaz\P12LCD\RETARDOS.INC
        R1ms_BucleExterno   0x0000d9    program     static C:\Lenguajes de Interfaz\P12LCD\RETARDOS.INC
        R1ms_BucleInterno   0x0000db    program     static C:\Lenguajes de Interfaz\P12LCD\RETARDOS.INC
            RetardoMicros   0x0000c5    program     static C:\Lenguajes de Interfaz\P12LCD\RETARDOS.INC
        Retardo_100micros   0x0000bf    program     static C:\Lenguajes de Interfaz\P12LCD\RETARDOS.INC
            Retardo_100ms   0x0000cb    program     static C:\Lenguajes de Interfaz\P12LCD\RETARDOS.INC
         Retardo_10micros   0x0000b2    program     static C:\Lenguajes de Interfaz\P12LCD\RETARDOS.INC
             Retardo_10ms   0x0000d1    program     static C:\Lenguajes de Interfaz\P12LCD\RETARDOS.INC
              Retardo_10s   0x0000e3    program     static C:\Lenguajes de Interfaz\P12LCD\RETARDOS.INC
          Retardo_1Decima   0x0000ec    program     static C:\Lenguajes de Interfaz\P12LCD\RETARDOS.INC
              Retardo_1ms   0x0000d7    program     static C:\Lenguajes de Interfaz\P12LCD\RETARDOS.INC
               Retardo_1s   0x0000e9    program     static C:\Lenguajes de Interfaz\P12LCD\RETARDOS.INC
        Retardo_200micros   0x0000bc    program     static C:\Lenguajes de Interfaz\P12LCD\RETARDOS.INC
            Retardo_200ms   0x0000c9    program     static C:\Lenguajes de Interfaz\P12LCD\RETARDOS.INC
         Retardo_20micros   0x0000c4    program     static C:\Lenguajes de Interfaz\P12LCD\RETARDOS.INC
             Retardo_20ms   0x0000cf    program     static C:\Lenguajes de Interfaz\P12LCD\RETARDOS.INC
              Retardo_20s   0x0000e1    program     static C:\Lenguajes de Interfaz\P12LCD\RETARDOS.INC
              Retardo_2ms   0x0000d5    program     static C:\Lenguajes de Interfaz\P12LCD\RETARDOS.INC
               Retardo_2s   0x0000e7    program     static C:\Lenguajes de Interfaz\P12LCD\RETARDOS.INC
          Retardo_4micros   0x0000b8    program     static C:\Lenguajes de Interfaz\P12LCD\RETARDOS.INC
        Retardo_500micros   0x0000b9    program     static C:\Lenguajes de Interfaz\P12LCD\RETARDOS.INC
            Retardo_500ms   0x0000eb    program     static C:\Lenguajes de Interfaz\P12LCD\RETARDOS.INC
         Retardo_50micros   0x0000c1    program     static C:\Lenguajes de Interfaz\P12LCD\RETARDOS.INC
             Retardo_50ms   0x0000cd    program     static C:\Lenguajes de Interfaz\P12LCD\RETARDOS.INC
          Retardo_5micros   0x0000b7    program     static C:\Lenguajes de Interfaz\P12LCD\RETARDOS.INC
              Retardo_5ms   0x0000d3    program     static C:\Lenguajes de Interfaz\P12LCD\RETARDOS.INC
               Retardo_5s   0x0000e5    program     static C:\Lenguajes de Interfaz\P12LCD\RETARDOS.INC
              Retardos_ms   0x0000d8    program     static C:\Lenguajes de Interfaz\P12LCD\RETARDOS.INC
            Rmicros_Bucle   0x0000c6    program     static C:\Lenguajes de Interfaz\P12LCD\RETARDOS.INC
                    START   0x000009    program     static C:\Lenguajes de Interfaz\P12LCD\P12LCD.asm



                              Symbols - Sorted by Address
                     Name    Address   Location    Storage File                     
                ---------  ---------  ---------  --------- ---------                
                   INICIO   0x000000    program     static C:\Lenguajes de Interfaz\P12LCD\P12LCD.asm
                    START   0x000009    program     static C:\Lenguajes de Interfaz\P12LCD\P12LCD.asm
           MOSTRAR_LETRAS   0x00000c    program     static C:\Lenguajes de Interfaz\P12LCD\P12LCD.asm
         MOSTRAR_INTERFAZ   0x000018    program     static C:\Lenguajes de Interfaz\P12LCD\P12LCD.asm
           LCD_Inicializa   0x00002e    program     static C:\Lenguajes de Interfaz\P12LCD\LCD_4BIT.INC
           LCD_EscribeLCD   0x000046    program     static C:\Lenguajes de Interfaz\P12LCD\LCD_4BIT.INC
           LCD_CursorIncr   0x00005a    program     static C:\Lenguajes de Interfaz\P12LCD\LCD_4BIT.INC
               LCD_Linea1   0x00005c    program     static C:\Lenguajes de Interfaz\P12LCD\LCD_4BIT.INC
               LCD_Linea2   0x00005e    program     static C:\Lenguajes de Interfaz\P12LCD\LCD_4BIT.INC
       LCD_PosicionLinea1   0x000060    program     static C:\Lenguajes de Interfaz\P12LCD\LCD_4BIT.INC
       LCD_PosicionLinea2   0x000062    program     static C:\Lenguajes de Interfaz\P12LCD\LCD_4BIT.INC
                  LCD_OFF   0x000064    program     static C:\Lenguajes de Interfaz\P12LCD\LCD_4BIT.INC
             LCD_CursorON   0x000066    program     static C:\Lenguajes de Interfaz\P12LCD\LCD_4BIT.INC
            LCD_CursorOFF   0x000068    program     static C:\Lenguajes de Interfaz\P12LCD\LCD_4BIT.INC
                LCD_Borra   0x00006a    program     static C:\Lenguajes de Interfaz\P12LCD\LCD_4BIT.INC
      LCD_2Lineas4Bits5x7   0x00006c    program     static C:\Lenguajes de Interfaz\P12LCD\LCD_4BIT.INC
         LCD_EnviaComando   0x00006d    program     static C:\Lenguajes de Interfaz\P12LCD\LCD_4BIT.INC
             LCD_Caracter   0x00006f    program     static C:\Lenguajes de Interfaz\P12LCD\LCD_4BIT.INC
                LCD_Envia   0x000071    program     static C:\Lenguajes de Interfaz\P12LCD\LCD_4BIT.INC
          LCD_CodigoCGROM   0x000079    program     static C:\Lenguajes de Interfaz\P12LCD\LCD_4BIT.INC
        LCD_EnheMinuscula   0x00007a    program     static C:\Lenguajes de Interfaz\P12LCD\LCD_4BIT.INC
        LCD_EnheMayuscula   0x000080    program     static C:\Lenguajes de Interfaz\P12LCD\LCD_4BIT.INC
                LCD_Grado   0x000087    program     static C:\Lenguajes de Interfaz\P12LCD\LCD_4BIT.INC
             LCD_FinCGROM   0x00008d    program     static C:\Lenguajes de Interfaz\P12LCD\LCD_4BIT.INC
        LCD_LineaEnBlanco   0x00008f    program     static C:\Lenguajes de Interfaz\P12LCD\LCD_4BIT.INC
      LCD_UnEspacioBlanco   0x000091    program     static C:\Lenguajes de Interfaz\P12LCD\LCD_4BIT.INC
   LCD_DosEspaciosBlancos   0x000093    program     static C:\Lenguajes de Interfaz\P12LCD\LCD_4BIT.INC
  LCD_TresEspaciosBlancos   0x000095    program     static C:\Lenguajes de Interfaz\P12LCD\LCD_4BIT.INC
         LCD_EnviaBlancos   0x000096    program     static C:\Lenguajes de Interfaz\P12LCD\LCD_4BIT.INC
      LCD_EnviaOtroBlanco   0x000097    program     static C:\Lenguajes de Interfaz\P12LCD\LCD_4BIT.INC
                 LCD_Byte   0x00009c    program     static C:\Lenguajes de Interfaz\P12LCD\LCD_4BIT.INC
         LCD_ByteCompleto   0x0000a3    program     static C:\Lenguajes de Interfaz\P12LCD\LCD_4BIT.INC
        LCD_VisualizaAlto   0x0000a4    program     static C:\Lenguajes de Interfaz\P12LCD\LCD_4BIT.INC
        LCD_VisualizaBajo   0x0000a6    program     static C:\Lenguajes de Interfaz\P12LCD\LCD_4BIT.INC
               LCD_Nibble   0x0000a7    program     static C:\Lenguajes de Interfaz\P12LCD\LCD_4BIT.INC
       LCD_EnviaByteLetra   0x0000af    program     static C:\Lenguajes de Interfaz\P12LCD\LCD_4BIT.INC
   LCD_FinVisualizaDigito   0x0000b1    program     static C:\Lenguajes de Interfaz\P12LCD\LCD_4BIT.INC
         Retardo_10micros   0x0000b2    program     static C:\Lenguajes de Interfaz\P12LCD\RETARDOS.INC
          Retardo_5micros   0x0000b7    program     static C:\Lenguajes de Interfaz\P12LCD\RETARDOS.INC
          Retardo_4micros   0x0000b8    program     static C:\Lenguajes de Interfaz\P12LCD\RETARDOS.INC
        Retardo_500micros   0x0000b9    program     static C:\Lenguajes de Interfaz\P12LCD\RETARDOS.INC
        Retardo_200micros   0x0000bc    program     static C:\Lenguajes de Interfaz\P12LCD\RETARDOS.INC
        Retardo_100micros   0x0000bf    program     static C:\Lenguajes de Interfaz\P12LCD\RETARDOS.INC
         Retardo_50micros   0x0000c1    program     static C:\Lenguajes de Interfaz\P12LCD\RETARDOS.INC
         Retardo_20micros   0x0000c4    program     static C:\Lenguajes de Interfaz\P12LCD\RETARDOS.INC
            RetardoMicros   0x0000c5    program     static C:\Lenguajes de Interfaz\P12LCD\RETARDOS.INC
            Rmicros_Bucle   0x0000c6    program     static C:\Lenguajes de Interfaz\P12LCD\RETARDOS.INC
            Retardo_200ms   0x0000c9    program     static C:\Lenguajes de Interfaz\P12LCD\RETARDOS.INC
            Retardo_100ms   0x0000cb    program     static C:\Lenguajes de Interfaz\P12LCD\RETARDOS.INC
             Retardo_50ms   0x0000cd    program     static C:\Lenguajes de Interfaz\P12LCD\RETARDOS.INC
             Retardo_20ms   0x0000cf    program     static C:\Lenguajes de Interfaz\P12LCD\RETARDOS.INC
             Retardo_10ms   0x0000d1    program     static C:\Lenguajes de Interfaz\P12LCD\RETARDOS.INC
              Retardo_5ms   0x0000d3    program     static C:\Lenguajes de Interfaz\P12LCD\RETARDOS.INC
              Retardo_2ms   0x0000d5    program     static C:\Lenguajes de Interfaz\P12LCD\RETARDOS.INC
              Retardo_1ms   0x0000d7    program     static C:\Lenguajes de Interfaz\P12LCD\RETARDOS.INC
              Retardos_ms   0x0000d8    program     static C:\Lenguajes de Interfaz\P12LCD\RETARDOS.INC
        R1ms_BucleExterno   0x0000d9    program     static C:\Lenguajes de Interfaz\P12LCD\RETARDOS.INC
        R1ms_BucleInterno   0x0000db    program     static C:\Lenguajes de Interfaz\P12LCD\RETARDOS.INC
              Retardo_20s   0x0000e1    program     static C:\Lenguajes de Interfaz\P12LCD\RETARDOS.INC
              Retardo_10s   0x0000e3    program     static C:\Lenguajes de Interfaz\P12LCD\RETARDOS.INC
               Retardo_5s   0x0000e5    program     static C:\Lenguajes de Interfaz\P12LCD\RETARDOS.INC
               Retardo_2s   0x0000e7    program     static C:\Lenguajes de Interfaz\P12LCD\RETARDOS.INC
               Retardo_1s   0x0000e9    program     static C:\Lenguajes de Interfaz\P12LCD\RETARDOS.INC
            Retardo_500ms   0x0000eb    program     static C:\Lenguajes de Interfaz\P12LCD\RETARDOS.INC
          Retardo_1Decima   0x0000ec    program     static C:\Lenguajes de Interfaz\P12LCD\RETARDOS.INC
   R1Decima_BucleExterno2   0x0000ed    program     static C:\Lenguajes de Interfaz\P12LCD\RETARDOS.INC
    R1Decima_BucleExterno   0x0000ef    program     static C:\Lenguajes de Interfaz\P12LCD\RETARDOS.INC
    R1Decima_BucleInterno   0x0000f1    program     static C:\Lenguajes de Interfaz\P12LCD\RETARDOS.INC


