MPLINK 4.49, Linker
Linker Map File - Created Wed Feb 19 17:29:54 2025

                                 Section Info
                  Section       Type    Address   Location Size(Bytes)
                ---------  ---------  ---------  ---------  ---------
                   .org_0       code   0x000000    program   0x0001ea
                   .cinit    romdata   0x0000f5    program   0x000004
    .config_2007_LCD_01.O       code   0x002007    program   0x000002



                              Program Memory Usage 
                               Start         End      
                           ---------   ---------      
                            0x000000    0x0000f6      
                            0x002007    0x002007      
            248 out of 1094 program addresses used, program memory utilization is 22%



                              Symbols - Sorted by Name
                     Name    Address   Location    Storage File                     
                ---------  ---------  ---------  --------- ---------                
                INICIALES   0x000008    program     static C:\Lenguajes de Interfaz\LCD_01\LCD_01.asm
                    INICO   0x000000    program     static C:\Lenguajes de Interfaz\LCD_01\LCD_01.asm
              INTERRUPTOR   0x000005    program     static C:\Lenguajes de Interfaz\LCD_01\LCD_01.asm
      LCD_2Lineas4Bits5x7   0x0000af    program     static C:\Lenguajes de Interfaz\LCD_01\LCD_4BIT.INC
                LCD_Borra   0x0000ad    program     static C:\Lenguajes de Interfaz\LCD_01\LCD_4BIT.INC
                 LCD_Byte   0x0000df    program     static C:\Lenguajes de Interfaz\LCD_01\LCD_4BIT.INC
         LCD_ByteCompleto   0x0000e6    program     static C:\Lenguajes de Interfaz\LCD_01\LCD_4BIT.INC
             LCD_Caracter   0x0000b2    program     static C:\Lenguajes de Interfaz\LCD_01\LCD_4BIT.INC
          LCD_CodigoCGROM   0x0000bc    program     static C:\Lenguajes de Interfaz\LCD_01\LCD_4BIT.INC
           LCD_CursorIncr   0x00009d    program     static C:\Lenguajes de Interfaz\LCD_01\LCD_4BIT.INC
            LCD_CursorOFF   0x0000ab    program     static C:\Lenguajes de Interfaz\LCD_01\LCD_4BIT.INC
             LCD_CursorON   0x0000a9    program     static C:\Lenguajes de Interfaz\LCD_01\LCD_4BIT.INC
   LCD_DosEspaciosBlancos   0x0000d6    program     static C:\Lenguajes de Interfaz\LCD_01\LCD_4BIT.INC
        LCD_EnheMayuscula   0x0000c3    program     static C:\Lenguajes de Interfaz\LCD_01\LCD_4BIT.INC
        LCD_EnheMinuscula   0x0000bd    program     static C:\Lenguajes de Interfaz\LCD_01\LCD_4BIT.INC
                LCD_Envia   0x0000b4    program     static C:\Lenguajes de Interfaz\LCD_01\LCD_4BIT.INC
         LCD_EnviaBlancos   0x0000d9    program     static C:\Lenguajes de Interfaz\LCD_01\LCD_4BIT.INC
       LCD_EnviaByteLetra   0x0000f2    program     static C:\Lenguajes de Interfaz\LCD_01\LCD_4BIT.INC
         LCD_EnviaComando   0x0000b0    program     static C:\Lenguajes de Interfaz\LCD_01\LCD_4BIT.INC
      LCD_EnviaOtroBlanco   0x0000da    program     static C:\Lenguajes de Interfaz\LCD_01\LCD_4BIT.INC
           LCD_EscribeLCD   0x000089    program     static C:\Lenguajes de Interfaz\LCD_01\LCD_4BIT.INC
             LCD_FinCGROM   0x0000d0    program     static C:\Lenguajes de Interfaz\LCD_01\LCD_4BIT.INC
   LCD_FinVisualizaDigito   0x0000f4    program     static C:\Lenguajes de Interfaz\LCD_01\LCD_4BIT.INC
                LCD_Grado   0x0000ca    program     static C:\Lenguajes de Interfaz\LCD_01\LCD_4BIT.INC
           LCD_Inicializa   0x000071    program     static C:\Lenguajes de Interfaz\LCD_01\LCD_4BIT.INC
               LCD_Linea1   0x00009f    program     static C:\Lenguajes de Interfaz\LCD_01\LCD_4BIT.INC
               LCD_Linea2   0x0000a1    program     static C:\Lenguajes de Interfaz\LCD_01\LCD_4BIT.INC
        LCD_LineaEnBlanco   0x0000d2    program     static C:\Lenguajes de Interfaz\LCD_01\LCD_4BIT.INC
               LCD_Nibble   0x0000ea    program     static C:\Lenguajes de Interfaz\LCD_01\LCD_4BIT.INC
                  LCD_OFF   0x0000a7    program     static C:\Lenguajes de Interfaz\LCD_01\LCD_4BIT.INC
       LCD_PosicionLinea1   0x0000a3    program     static C:\Lenguajes de Interfaz\LCD_01\LCD_4BIT.INC
       LCD_PosicionLinea2   0x0000a5    program     static C:\Lenguajes de Interfaz\LCD_01\LCD_4BIT.INC
  LCD_TresEspaciosBlancos   0x0000d8    program     static C:\Lenguajes de Interfaz\LCD_01\LCD_4BIT.INC
      LCD_UnEspacioBlanco   0x0000d4    program     static C:\Lenguajes de Interfaz\LCD_01\LCD_4BIT.INC
        LCD_VisualizaAlto   0x0000e7    program     static C:\Lenguajes de Interfaz\LCD_01\LCD_4BIT.INC
        LCD_VisualizaBajo   0x0000e9    program     static C:\Lenguajes de Interfaz\LCD_01\LCD_4BIT.INC
                  PALABRA   0x000014    program     static C:\Lenguajes de Interfaz\LCD_01\LCD_01.asm
    R1Decima_BucleExterno   0x000067    program     static C:\Lenguajes de Interfaz\LCD_01\RETARDOS.INC
   R1Decima_BucleExterno2   0x000065    program     static C:\Lenguajes de Interfaz\LCD_01\RETARDOS.INC
    R1Decima_BucleInterno   0x000069    program     static C:\Lenguajes de Interfaz\LCD_01\RETARDOS.INC
        R1ms_BucleExterno   0x000051    program     static C:\Lenguajes de Interfaz\LCD_01\RETARDOS.INC
        R1ms_BucleInterno   0x000053    program     static C:\Lenguajes de Interfaz\LCD_01\RETARDOS.INC
            RetardoMicros   0x00003d    program     static C:\Lenguajes de Interfaz\LCD_01\RETARDOS.INC
        Retardo_100micros   0x000037    program     static C:\Lenguajes de Interfaz\LCD_01\RETARDOS.INC
            Retardo_100ms   0x000043    program     static C:\Lenguajes de Interfaz\LCD_01\RETARDOS.INC
         Retardo_10micros   0x00002a    program     static C:\Lenguajes de Interfaz\LCD_01\RETARDOS.INC
             Retardo_10ms   0x000049    program     static C:\Lenguajes de Interfaz\LCD_01\RETARDOS.INC
              Retardo_10s   0x00005b    program     static C:\Lenguajes de Interfaz\LCD_01\RETARDOS.INC
          Retardo_1Decima   0x000064    program     static C:\Lenguajes de Interfaz\LCD_01\RETARDOS.INC
              Retardo_1ms   0x00004f    program     static C:\Lenguajes de Interfaz\LCD_01\RETARDOS.INC
               Retardo_1s   0x000061    program     static C:\Lenguajes de Interfaz\LCD_01\RETARDOS.INC
        Retardo_200micros   0x000034    program     static C:\Lenguajes de Interfaz\LCD_01\RETARDOS.INC
            Retardo_200ms   0x000041    program     static C:\Lenguajes de Interfaz\LCD_01\RETARDOS.INC
         Retardo_20micros   0x00003c    program     static C:\Lenguajes de Interfaz\LCD_01\RETARDOS.INC
             Retardo_20ms   0x000047    program     static C:\Lenguajes de Interfaz\LCD_01\RETARDOS.INC
              Retardo_20s   0x000059    program     static C:\Lenguajes de Interfaz\LCD_01\RETARDOS.INC
              Retardo_2ms   0x00004d    program     static C:\Lenguajes de Interfaz\LCD_01\RETARDOS.INC
               Retardo_2s   0x00005f    program     static C:\Lenguajes de Interfaz\LCD_01\RETARDOS.INC
          Retardo_4micros   0x000030    program     static C:\Lenguajes de Interfaz\LCD_01\RETARDOS.INC
        Retardo_500micros   0x000031    program     static C:\Lenguajes de Interfaz\LCD_01\RETARDOS.INC
            Retardo_500ms   0x000063    program     static C:\Lenguajes de Interfaz\LCD_01\RETARDOS.INC
         Retardo_50micros   0x000039    program     static C:\Lenguajes de Interfaz\LCD_01\RETARDOS.INC
             Retardo_50ms   0x000045    program     static C:\Lenguajes de Interfaz\LCD_01\RETARDOS.INC
          Retardo_5micros   0x00002f    program     static C:\Lenguajes de Interfaz\LCD_01\RETARDOS.INC
              Retardo_5ms   0x00004b    program     static C:\Lenguajes de Interfaz\LCD_01\RETARDOS.INC
               Retardo_5s   0x00005d    program     static C:\Lenguajes de Interfaz\LCD_01\RETARDOS.INC
              Retardos_ms   0x000050    program     static C:\Lenguajes de Interfaz\LCD_01\RETARDOS.INC
            Rmicros_Bucle   0x00003e    program     static C:\Lenguajes de Interfaz\LCD_01\RETARDOS.INC



                              Symbols - Sorted by Address
                     Name    Address   Location    Storage File                     
                ---------  ---------  ---------  --------- ---------                
                    INICO   0x000000    program     static C:\Lenguajes de Interfaz\LCD_01\LCD_01.asm
              INTERRUPTOR   0x000005    program     static C:\Lenguajes de Interfaz\LCD_01\LCD_01.asm
                INICIALES   0x000008    program     static C:\Lenguajes de Interfaz\LCD_01\LCD_01.asm
                  PALABRA   0x000014    program     static C:\Lenguajes de Interfaz\LCD_01\LCD_01.asm
         Retardo_10micros   0x00002a    program     static C:\Lenguajes de Interfaz\LCD_01\RETARDOS.INC
          Retardo_5micros   0x00002f    program     static C:\Lenguajes de Interfaz\LCD_01\RETARDOS.INC
          Retardo_4micros   0x000030    program     static C:\Lenguajes de Interfaz\LCD_01\RETARDOS.INC
        Retardo_500micros   0x000031    program     static C:\Lenguajes de Interfaz\LCD_01\RETARDOS.INC
        Retardo_200micros   0x000034    program     static C:\Lenguajes de Interfaz\LCD_01\RETARDOS.INC
        Retardo_100micros   0x000037    program     static C:\Lenguajes de Interfaz\LCD_01\RETARDOS.INC
         Retardo_50micros   0x000039    program     static C:\Lenguajes de Interfaz\LCD_01\RETARDOS.INC
         Retardo_20micros   0x00003c    program     static C:\Lenguajes de Interfaz\LCD_01\RETARDOS.INC
            RetardoMicros   0x00003d    program     static C:\Lenguajes de Interfaz\LCD_01\RETARDOS.INC
            Rmicros_Bucle   0x00003e    program     static C:\Lenguajes de Interfaz\LCD_01\RETARDOS.INC
            Retardo_200ms   0x000041    program     static C:\Lenguajes de Interfaz\LCD_01\RETARDOS.INC
            Retardo_100ms   0x000043    program     static C:\Lenguajes de Interfaz\LCD_01\RETARDOS.INC
             Retardo_50ms   0x000045    program     static C:\Lenguajes de Interfaz\LCD_01\RETARDOS.INC
             Retardo_20ms   0x000047    program     static C:\Lenguajes de Interfaz\LCD_01\RETARDOS.INC
             Retardo_10ms   0x000049    program     static C:\Lenguajes de Interfaz\LCD_01\RETARDOS.INC
              Retardo_5ms   0x00004b    program     static C:\Lenguajes de Interfaz\LCD_01\RETARDOS.INC
              Retardo_2ms   0x00004d    program     static C:\Lenguajes de Interfaz\LCD_01\RETARDOS.INC
              Retardo_1ms   0x00004f    program     static C:\Lenguajes de Interfaz\LCD_01\RETARDOS.INC
              Retardos_ms   0x000050    program     static C:\Lenguajes de Interfaz\LCD_01\RETARDOS.INC
        R1ms_BucleExterno   0x000051    program     static C:\Lenguajes de Interfaz\LCD_01\RETARDOS.INC
        R1ms_BucleInterno   0x000053    program     static C:\Lenguajes de Interfaz\LCD_01\RETARDOS.INC
              Retardo_20s   0x000059    program     static C:\Lenguajes de Interfaz\LCD_01\RETARDOS.INC
              Retardo_10s   0x00005b    program     static C:\Lenguajes de Interfaz\LCD_01\RETARDOS.INC
               Retardo_5s   0x00005d    program     static C:\Lenguajes de Interfaz\LCD_01\RETARDOS.INC
               Retardo_2s   0x00005f    program     static C:\Lenguajes de Interfaz\LCD_01\RETARDOS.INC
               Retardo_1s   0x000061    program     static C:\Lenguajes de Interfaz\LCD_01\RETARDOS.INC
            Retardo_500ms   0x000063    program     static C:\Lenguajes de Interfaz\LCD_01\RETARDOS.INC
          Retardo_1Decima   0x000064    program     static C:\Lenguajes de Interfaz\LCD_01\RETARDOS.INC
   R1Decima_BucleExterno2   0x000065    program     static C:\Lenguajes de Interfaz\LCD_01\RETARDOS.INC
    R1Decima_BucleExterno   0x000067    program     static C:\Lenguajes de Interfaz\LCD_01\RETARDOS.INC
    R1Decima_BucleInterno   0x000069    program     static C:\Lenguajes de Interfaz\LCD_01\RETARDOS.INC
           LCD_Inicializa   0x000071    program     static C:\Lenguajes de Interfaz\LCD_01\LCD_4BIT.INC
           LCD_EscribeLCD   0x000089    program     static C:\Lenguajes de Interfaz\LCD_01\LCD_4BIT.INC
           LCD_CursorIncr   0x00009d    program     static C:\Lenguajes de Interfaz\LCD_01\LCD_4BIT.INC
               LCD_Linea1   0x00009f    program     static C:\Lenguajes de Interfaz\LCD_01\LCD_4BIT.INC
               LCD_Linea2   0x0000a1    program     static C:\Lenguajes de Interfaz\LCD_01\LCD_4BIT.INC
       LCD_PosicionLinea1   0x0000a3    program     static C:\Lenguajes de Interfaz\LCD_01\LCD_4BIT.INC
       LCD_PosicionLinea2   0x0000a5    program     static C:\Lenguajes de Interfaz\LCD_01\LCD_4BIT.INC
                  LCD_OFF   0x0000a7    program     static C:\Lenguajes de Interfaz\LCD_01\LCD_4BIT.INC
             LCD_CursorON   0x0000a9    program     static C:\Lenguajes de Interfaz\LCD_01\LCD_4BIT.INC
            LCD_CursorOFF   0x0000ab    program     static C:\Lenguajes de Interfaz\LCD_01\LCD_4BIT.INC
                LCD_Borra   0x0000ad    program     static C:\Lenguajes de Interfaz\LCD_01\LCD_4BIT.INC
      LCD_2Lineas4Bits5x7   0x0000af    program     static C:\Lenguajes de Interfaz\LCD_01\LCD_4BIT.INC
         LCD_EnviaComando   0x0000b0    program     static C:\Lenguajes de Interfaz\LCD_01\LCD_4BIT.INC
             LCD_Caracter   0x0000b2    program     static C:\Lenguajes de Interfaz\LCD_01\LCD_4BIT.INC
                LCD_Envia   0x0000b4    program     static C:\Lenguajes de Interfaz\LCD_01\LCD_4BIT.INC
          LCD_CodigoCGROM   0x0000bc    program     static C:\Lenguajes de Interfaz\LCD_01\LCD_4BIT.INC
        LCD_EnheMinuscula   0x0000bd    program     static C:\Lenguajes de Interfaz\LCD_01\LCD_4BIT.INC
        LCD_EnheMayuscula   0x0000c3    program     static C:\Lenguajes de Interfaz\LCD_01\LCD_4BIT.INC
                LCD_Grado   0x0000ca    program     static C:\Lenguajes de Interfaz\LCD_01\LCD_4BIT.INC
             LCD_FinCGROM   0x0000d0    program     static C:\Lenguajes de Interfaz\LCD_01\LCD_4BIT.INC
        LCD_LineaEnBlanco   0x0000d2    program     static C:\Lenguajes de Interfaz\LCD_01\LCD_4BIT.INC
      LCD_UnEspacioBlanco   0x0000d4    program     static C:\Lenguajes de Interfaz\LCD_01\LCD_4BIT.INC
   LCD_DosEspaciosBlancos   0x0000d6    program     static C:\Lenguajes de Interfaz\LCD_01\LCD_4BIT.INC
  LCD_TresEspaciosBlancos   0x0000d8    program     static C:\Lenguajes de Interfaz\LCD_01\LCD_4BIT.INC
         LCD_EnviaBlancos   0x0000d9    program     static C:\Lenguajes de Interfaz\LCD_01\LCD_4BIT.INC
      LCD_EnviaOtroBlanco   0x0000da    program     static C:\Lenguajes de Interfaz\LCD_01\LCD_4BIT.INC
                 LCD_Byte   0x0000df    program     static C:\Lenguajes de Interfaz\LCD_01\LCD_4BIT.INC
         LCD_ByteCompleto   0x0000e6    program     static C:\Lenguajes de Interfaz\LCD_01\LCD_4BIT.INC
        LCD_VisualizaAlto   0x0000e7    program     static C:\Lenguajes de Interfaz\LCD_01\LCD_4BIT.INC
        LCD_VisualizaBajo   0x0000e9    program     static C:\Lenguajes de Interfaz\LCD_01\LCD_4BIT.INC
               LCD_Nibble   0x0000ea    program     static C:\Lenguajes de Interfaz\LCD_01\LCD_4BIT.INC
       LCD_EnviaByteLetra   0x0000f2    program     static C:\Lenguajes de Interfaz\LCD_01\LCD_4BIT.INC
   LCD_FinVisualizaDigito   0x0000f4    program     static C:\Lenguajes de Interfaz\LCD_01\LCD_4BIT.INC


