MPLINK 4.49, Linker
Linker Map File - Created Wed Mar 26 17:23:50 2025

                                 Section Info
                  Section       Type    Address   Location Size(Bytes)
                ---------  ---------  ---------  ---------  ---------
                   .org_0       code   0x000000    program   0x000002
                   .cinit    romdata   0x000001    program   0x000004
                   .org_1       code   0x000004    program   0x0000e2
  .config_2007_P24_SUMA.O       code   0x002007    program   0x000002



                              Program Memory Usage 
                               Start         End      
                           ---------   ---------      
                            0x000000    0x000002      
                            0x000004    0x000074      
                            0x002007    0x002007      
            117 out of 1094 program addresses used, program memory utilization is 10%



                              Symbols - Sorted by Name
                     Name    Address   Location    Storage File                     
                ---------  ---------  ---------  --------- ---------                
                    BUCLE   0x00000a    program     static C:\Users\Achell\Desktop\SP y LI\Lenguajes de Interfaz\p24_suma\p24_suma.asm
                 CONTINUE   0x00001f    program     static C:\Users\Achell\Desktop\SP y LI\Lenguajes de Interfaz\p24_suma\p24_suma.asm
                   INICIO   0x000005    program     static C:\Users\Achell\Desktop\SP y LI\Lenguajes de Interfaz\p24_suma\p24_suma.asm
                 NO_CARRY   0x00001e    program     static C:\Users\Achell\Desktop\SP y LI\Lenguajes de Interfaz\p24_suma\p24_suma.asm
    R1Decima_BucleExterno   0x00006b    program     static C:\Users\Achell\Desktop\SP y LI\Lenguajes de Interfaz\p24_suma\RETARDOS.INC
   R1Decima_BucleExterno2   0x000069    program     static C:\Users\Achell\Desktop\SP y LI\Lenguajes de Interfaz\p24_suma\RETARDOS.INC
    R1Decima_BucleInterno   0x00006d    program     static C:\Users\Achell\Desktop\SP y LI\Lenguajes de Interfaz\p24_suma\RETARDOS.INC
        R1ms_BucleExterno   0x000055    program     static C:\Users\Achell\Desktop\SP y LI\Lenguajes de Interfaz\p24_suma\RETARDOS.INC
        R1ms_BucleInterno   0x000057    program     static C:\Users\Achell\Desktop\SP y LI\Lenguajes de Interfaz\p24_suma\RETARDOS.INC
            RetardoMicros   0x000041    program     static C:\Users\Achell\Desktop\SP y LI\Lenguajes de Interfaz\p24_suma\RETARDOS.INC
        Retardo_100micros   0x00003b    program     static C:\Users\Achell\Desktop\SP y LI\Lenguajes de Interfaz\p24_suma\RETARDOS.INC
            Retardo_100ms   0x000047    program     static C:\Users\Achell\Desktop\SP y LI\Lenguajes de Interfaz\p24_suma\RETARDOS.INC
         Retardo_10micros   0x00002e    program     static C:\Users\Achell\Desktop\SP y LI\Lenguajes de Interfaz\p24_suma\RETARDOS.INC
             Retardo_10ms   0x00004d    program     static C:\Users\Achell\Desktop\SP y LI\Lenguajes de Interfaz\p24_suma\RETARDOS.INC
              Retardo_10s   0x00005f    program     static C:\Users\Achell\Desktop\SP y LI\Lenguajes de Interfaz\p24_suma\RETARDOS.INC
          Retardo_1Decima   0x000068    program     static C:\Users\Achell\Desktop\SP y LI\Lenguajes de Interfaz\p24_suma\RETARDOS.INC
              Retardo_1ms   0x000053    program     static C:\Users\Achell\Desktop\SP y LI\Lenguajes de Interfaz\p24_suma\RETARDOS.INC
               Retardo_1s   0x000065    program     static C:\Users\Achell\Desktop\SP y LI\Lenguajes de Interfaz\p24_suma\RETARDOS.INC
        Retardo_200micros   0x000038    program     static C:\Users\Achell\Desktop\SP y LI\Lenguajes de Interfaz\p24_suma\RETARDOS.INC
            Retardo_200ms   0x000045    program     static C:\Users\Achell\Desktop\SP y LI\Lenguajes de Interfaz\p24_suma\RETARDOS.INC
         Retardo_20micros   0x000040    program     static C:\Users\Achell\Desktop\SP y LI\Lenguajes de Interfaz\p24_suma\RETARDOS.INC
             Retardo_20ms   0x00004b    program     static C:\Users\Achell\Desktop\SP y LI\Lenguajes de Interfaz\p24_suma\RETARDOS.INC
              Retardo_20s   0x00005d    program     static C:\Users\Achell\Desktop\SP y LI\Lenguajes de Interfaz\p24_suma\RETARDOS.INC
              Retardo_2ms   0x000051    program     static C:\Users\Achell\Desktop\SP y LI\Lenguajes de Interfaz\p24_suma\RETARDOS.INC
               Retardo_2s   0x000063    program     static C:\Users\Achell\Desktop\SP y LI\Lenguajes de Interfaz\p24_suma\RETARDOS.INC
          Retardo_4micros   0x000034    program     static C:\Users\Achell\Desktop\SP y LI\Lenguajes de Interfaz\p24_suma\RETARDOS.INC
        Retardo_500micros   0x000035    program     static C:\Users\Achell\Desktop\SP y LI\Lenguajes de Interfaz\p24_suma\RETARDOS.INC
            Retardo_500ms   0x000067    program     static C:\Users\Achell\Desktop\SP y LI\Lenguajes de Interfaz\p24_suma\RETARDOS.INC
         Retardo_50micros   0x00003d    program     static C:\Users\Achell\Desktop\SP y LI\Lenguajes de Interfaz\p24_suma\RETARDOS.INC
             Retardo_50ms   0x000049    program     static C:\Users\Achell\Desktop\SP y LI\Lenguajes de Interfaz\p24_suma\RETARDOS.INC
          Retardo_5micros   0x000033    program     static C:\Users\Achell\Desktop\SP y LI\Lenguajes de Interfaz\p24_suma\RETARDOS.INC
              Retardo_5ms   0x00004f    program     static C:\Users\Achell\Desktop\SP y LI\Lenguajes de Interfaz\p24_suma\RETARDOS.INC
               Retardo_5s   0x000061    program     static C:\Users\Achell\Desktop\SP y LI\Lenguajes de Interfaz\p24_suma\RETARDOS.INC
              Retardos_ms   0x000054    program     static C:\Users\Achell\Desktop\SP y LI\Lenguajes de Interfaz\p24_suma\RETARDOS.INC
            Rmicros_Bucle   0x000042    program     static C:\Users\Achell\Desktop\SP y LI\Lenguajes de Interfaz\p24_suma\RETARDOS.INC



                              Symbols - Sorted by Address
                     Name    Address   Location    Storage File                     
                ---------  ---------  ---------  --------- ---------                
                   INICIO   0x000005    program     static C:\Users\Achell\Desktop\SP y LI\Lenguajes de Interfaz\p24_suma\p24_suma.asm
                    BUCLE   0x00000a    program     static C:\Users\Achell\Desktop\SP y LI\Lenguajes de Interfaz\p24_suma\p24_suma.asm
                 NO_CARRY   0x00001e    program     static C:\Users\Achell\Desktop\SP y LI\Lenguajes de Interfaz\p24_suma\p24_suma.asm
                 CONTINUE   0x00001f    program     static C:\Users\Achell\Desktop\SP y LI\Lenguajes de Interfaz\p24_suma\p24_suma.asm
         Retardo_10micros   0x00002e    program     static C:\Users\Achell\Desktop\SP y LI\Lenguajes de Interfaz\p24_suma\RETARDOS.INC
          Retardo_5micros   0x000033    program     static C:\Users\Achell\Desktop\SP y LI\Lenguajes de Interfaz\p24_suma\RETARDOS.INC
          Retardo_4micros   0x000034    program     static C:\Users\Achell\Desktop\SP y LI\Lenguajes de Interfaz\p24_suma\RETARDOS.INC
        Retardo_500micros   0x000035    program     static C:\Users\Achell\Desktop\SP y LI\Lenguajes de Interfaz\p24_suma\RETARDOS.INC
        Retardo_200micros   0x000038    program     static C:\Users\Achell\Desktop\SP y LI\Lenguajes de Interfaz\p24_suma\RETARDOS.INC
        Retardo_100micros   0x00003b    program     static C:\Users\Achell\Desktop\SP y LI\Lenguajes de Interfaz\p24_suma\RETARDOS.INC
         Retardo_50micros   0x00003d    program     static C:\Users\Achell\Desktop\SP y LI\Lenguajes de Interfaz\p24_suma\RETARDOS.INC
         Retardo_20micros   0x000040    program     static C:\Users\Achell\Desktop\SP y LI\Lenguajes de Interfaz\p24_suma\RETARDOS.INC
            RetardoMicros   0x000041    program     static C:\Users\Achell\Desktop\SP y LI\Lenguajes de Interfaz\p24_suma\RETARDOS.INC
            Rmicros_Bucle   0x000042    program     static C:\Users\Achell\Desktop\SP y LI\Lenguajes de Interfaz\p24_suma\RETARDOS.INC
            Retardo_200ms   0x000045    program     static C:\Users\Achell\Desktop\SP y LI\Lenguajes de Interfaz\p24_suma\RETARDOS.INC
            Retardo_100ms   0x000047    program     static C:\Users\Achell\Desktop\SP y LI\Lenguajes de Interfaz\p24_suma\RETARDOS.INC
             Retardo_50ms   0x000049    program     static C:\Users\Achell\Desktop\SP y LI\Lenguajes de Interfaz\p24_suma\RETARDOS.INC
             Retardo_20ms   0x00004b    program     static C:\Users\Achell\Desktop\SP y LI\Lenguajes de Interfaz\p24_suma\RETARDOS.INC
             Retardo_10ms   0x00004d    program     static C:\Users\Achell\Desktop\SP y LI\Lenguajes de Interfaz\p24_suma\RETARDOS.INC
              Retardo_5ms   0x00004f    program     static C:\Users\Achell\Desktop\SP y LI\Lenguajes de Interfaz\p24_suma\RETARDOS.INC
              Retardo_2ms   0x000051    program     static C:\Users\Achell\Desktop\SP y LI\Lenguajes de Interfaz\p24_suma\RETARDOS.INC
              Retardo_1ms   0x000053    program     static C:\Users\Achell\Desktop\SP y LI\Lenguajes de Interfaz\p24_suma\RETARDOS.INC
              Retardos_ms   0x000054    program     static C:\Users\Achell\Desktop\SP y LI\Lenguajes de Interfaz\p24_suma\RETARDOS.INC
        R1ms_BucleExterno   0x000055    program     static C:\Users\Achell\Desktop\SP y LI\Lenguajes de Interfaz\p24_suma\RETARDOS.INC
        R1ms_BucleInterno   0x000057    program     static C:\Users\Achell\Desktop\SP y LI\Lenguajes de Interfaz\p24_suma\RETARDOS.INC
              Retardo_20s   0x00005d    program     static C:\Users\Achell\Desktop\SP y LI\Lenguajes de Interfaz\p24_suma\RETARDOS.INC
              Retardo_10s   0x00005f    program     static C:\Users\Achell\Desktop\SP y LI\Lenguajes de Interfaz\p24_suma\RETARDOS.INC
               Retardo_5s   0x000061    program     static C:\Users\Achell\Desktop\SP y LI\Lenguajes de Interfaz\p24_suma\RETARDOS.INC
               Retardo_2s   0x000063    program     static C:\Users\Achell\Desktop\SP y LI\Lenguajes de Interfaz\p24_suma\RETARDOS.INC
               Retardo_1s   0x000065    program     static C:\Users\Achell\Desktop\SP y LI\Lenguajes de Interfaz\p24_suma\RETARDOS.INC
            Retardo_500ms   0x000067    program     static C:\Users\Achell\Desktop\SP y LI\Lenguajes de Interfaz\p24_suma\RETARDOS.INC
          Retardo_1Decima   0x000068    program     static C:\Users\Achell\Desktop\SP y LI\Lenguajes de Interfaz\p24_suma\RETARDOS.INC
   R1Decima_BucleExterno2   0x000069    program     static C:\Users\Achell\Desktop\SP y LI\Lenguajes de Interfaz\p24_suma\RETARDOS.INC
    R1Decima_BucleExterno   0x00006b    program     static C:\Users\Achell\Desktop\SP y LI\Lenguajes de Interfaz\p24_suma\RETARDOS.INC
    R1Decima_BucleInterno   0x00006d    program     static C:\Users\Achell\Desktop\SP y LI\Lenguajes de Interfaz\p24_suma\RETARDOS.INC


